../Core/Src/LCD_Driver.c:30:6:LCD_GPIO_Init	64	static
../Core/Src/LCD_Driver.c:114:6:LTCD_Layer_Init	72	static
../Core/Src/LCD_Driver.c:141:6:clearScreen	8	static
../Core/Src/LCD_Driver.c:151:6:LTCD__Init	8	static
../Core/Src/LCD_Driver.c:206:13:FillBuffer	32	static
../Core/Src/LCD_Driver.c:231:6:LCD_Draw_Pixel	16	static
../Core/Src/LCD_Driver.c:247:6:LCD_Draw_Circle_Fill	32	static
../Core/Src/LCD_Driver.c:261:6:LCD_Draw_Vertical_Line	32	static
../Core/Src/LCD_Driver.c:269:6:LCD_Clear	24	static
../Core/Src/LCD_Driver.c:275:6:LCD_SetTextColor	16	static
../Core/Src/LCD_Driver.c:281:6:LCD_SetFont	16	static
../Core/Src/LCD_Driver.c:287:6:LCD_Draw_Char	24	static
../Core/Src/LCD_Driver.c:307:6:LCD_DisplayChar	16	static
../Core/Src/LCD_Driver.c:313:6:visualDemo	16	static
../Core/Src/LCD_Driver.c:356:6:LCD_Error_Handler	4	static,ignoring_inline_asm
../Core/Src/LCD_Driver.c:373:6:InitializeLCDTouch	8	static
../Core/Src/LCD_Driver.c:381:18:returnTouchStateAndLocation	16	static
../Core/Src/LCD_Driver.c:386:6:DetermineTouchPosition	16	static
../Core/Src/LCD_Driver.c:391:9:ReadRegisterFromTouchModule	16	static
../Core/Src/LCD_Driver.c:396:6:WriteDataToTouchModule	16	static
