../Core/Src/stm32f4xx_hal_msp.c:35:6:HAL_MspInit	16	static
../Core/Src/stm32f4xx_hal_msp.c:49:6:HAL_DMA2D_MspInit	24	static
../Core/Src/stm32f4xx_hal_msp.c:64:6:HAL_DMA2D_MspDeInit	16	static
../Core/Src/stm32f4xx_hal_msp.c:79:6:HAL_I2C_MspInit	48	static
../Core/Src/stm32f4xx_hal_msp.c:115:6:HAL_I2C_MspDeInit	16	static
../Core/Src/stm32f4xx_hal_msp.c:138:6:HAL_LTDC_MspInit	112	static
../Core/Src/stm32f4xx_hal_msp.c:253:6:HAL_LTDC_MspDeInit	16	static
../Core/Src/stm32f4xx_hal_msp.c:302:6:HAL_RNG_MspInit	24	static
../Core/Src/stm32f4xx_hal_msp.c:317:6:HAL_RNG_MspDeInit	16	static
../Core/Src/stm32f4xx_hal_msp.c:332:6:HAL_SPI_MspInit	48	static
../Core/Src/stm32f4xx_hal_msp.c:361:6:HAL_SPI_MspDeInit	16	static
../Core/Src/stm32f4xx_hal_msp.c:383:6:HAL_TIM_Base_MspInit	24	static
../Core/Src/stm32f4xx_hal_msp.c:398:6:HAL_TIM_Base_MspDeInit	16	static
../Core/Src/stm32f4xx_hal_msp.c:409:13:HAL_FMC_MspInit	32	static
../Core/Src/stm32f4xx_hal_msp.c:510:6:HAL_SDRAM_MspInit	16	static
../Core/Src/stm32f4xx_hal_msp.c:514:13:HAL_FMC_MspDeInit	8	static
../Core/Src/stm32f4xx_hal_msp.c:578:6:HAL_SDRAM_MspDeInit	16	static
